============================= test session starts =============================
platform win32 -- Python 3.13.9, pytest-8.4.2, pluggy-1.5.0 -- D:\24267\Anaconda\python.exe
cachedir: .pytest_cache
rootdir: D:\24267\quant_china
plugins: anyio-4.10.0
collecting ... collected 1 item / 2 errors

=================================== ERRORS ====================================
___________________ ERROR collecting test_optimizations.py ____________________
ImportError while importing test module 'D:\24267\quant_china\test_optimizations.py'.
Hint: make sure your test modules/packages have valid Python names.
Traceback:
..\Anaconda\Lib\importlib\__init__.py:88: in import_module
    return _bootstrap._gcd_import(name[level:], package, level)
           ^^^^^^^^^^^^^^^^^^^^^^^^^^^^^^^^^^^^^^^^^^^^^^^^^^^^
test_optimizations.py:6: in <module>
    from src.data_engine.loader import DataLoader
src\data_engine\loader.py:1: in <module>
    import baostock as bs
E   ModuleNotFoundError: No module named 'baostock'
______________________ ERROR collecting test_output.txt _______________________
..\Anaconda\Lib\pathlib\_local.py:546: in read_text
    return PathBase.read_text(self, encoding, errors, newline)
           ^^^^^^^^^^^^^^^^^^^^^^^^^^^^^^^^^^^^^^^^^^^^^^^^^^^
..\Anaconda\Lib\pathlib\_abc.py:633: in read_text
    return f.read()
           ^^^^^^^^
<frozen codecs>:325: in decode
    ???
E   UnicodeDecodeError: 'utf-8' codec can't decode byte 0xff in position 0: invalid start byte
=========================== short test summary info ===========================
ERROR test_optimizations.py
ERROR test_output.txt - UnicodeDecodeError: 'utf-8' codec can't decode byte 0...
!!!!!!!!!!!!!!!!!!! Interrupted: 2 errors during collection !!!!!!!!!!!!!!!!!!!
============================== 2 errors in 1.44s ==============================
